"VM start","Mon Sep 24 14:23:26 EDT 2018","diego-hp-spectre/192.168.1.30","com.sun.tools.script.shell.Main","/home/diego/Documents/oracle/java/jdk1.8.0_181/jre","1.8.0_181","25.181-b13","Oracle Corporation","Oracle Corporation","Linux","amd64","4.15.0-34-generic","-Dapplication.home=/home/diego/Documents/oracle/java/jdk1.8.0_181 -Xms8m ","/home/diego/Documents/oracle/java/jdk1.8.0_181/lib/tools.jar:/home/diego/Documents/oracle/java/jdk1.8.0_181/classes"," "
"VM start","Mon Sep 24 14:24:32 EDT 2018","diego-hp-spectre/192.168.1.30","com.sun.tools.script.shell.Main","/home/diego/Documents/oracle/java/jdk1.8.0_181/jre","1.8.0_181","25.181-b13","Oracle Corporation","Oracle Corporation","Linux","amd64","4.15.0-34-generic","-Dapplication.home=/home/diego/Documents/oracle/java/jdk1.8.0_181 -Xms8m ","/home/diego/Documents/oracle/java/jdk1.8.0_181/lib/tools.jar:/home/diego/Documents/oracle/java/jdk1.8.0_181/classes"," "
"VM start","Mon Sep 24 14:27:46 EDT 2018","diego-hp-spectre/192.168.1.30","com.sun.tools.script.shell.Main","/home/diego/Documents/oracle/java/jdk1.8.0_181/jre","1.8.0_181","25.181-b13","Oracle Corporation","Oracle Corporation","Linux","amd64","4.15.0-34-generic","-Dapplication.home=/home/diego/Documents/oracle/java/jdk1.8.0_181 -Xms8m ","/home/diego/Documents/oracle/java/jdk1.8.0_181/lib/tools.jar:/home/diego/Documents/oracle/java/jdk1.8.0_181/classes"," "
"VM start","Mon Sep 24 14:29:11 EDT 2018","diego-hp-spectre/192.168.1.30","com.sun.tools.script.shell.Main","/home/diego/Documents/oracle/java/jdk1.8.0_181/jre","1.8.0_181","25.181-b13","Oracle Corporation","Oracle Corporation","Linux","amd64","4.15.0-34-generic","-Dapplication.home=/home/diego/Documents/oracle/java/jdk1.8.0_181 -Xms8m ","/home/diego/Documents/oracle/java/jdk1.8.0_181/lib/tools.jar:/home/diego/Documents/oracle/java/jdk1.8.0_181/classes"," "
"VM start","Mon Sep 24 14:31:28 EDT 2018","diego-hp-spectre/192.168.1.30","com.sun.tools.script.shell.Main","/home/diego/Documents/oracle/java/jdk1.8.0_181/jre","1.8.0_181","25.181-b13","Oracle Corporation","Oracle Corporation","Linux","amd64","4.15.0-34-generic","-Dapplication.home=/home/diego/Documents/oracle/java/jdk1.8.0_181 -Xms8m ","/home/diego/Documents/oracle/java/jdk1.8.0_181/lib/tools.jar:/home/diego/Documents/oracle/java/jdk1.8.0_181/classes"," "
"VM start","Mon Sep 24 14:32:08 EDT 2018","diego-hp-spectre/192.168.1.30","com.sun.tools.script.shell.Main","/home/diego/Documents/oracle/java/jdk1.8.0_181/jre","1.8.0_181","25.181-b13","Oracle Corporation","Oracle Corporation","Linux","amd64","4.15.0-34-generic","-Dapplication.home=/home/diego/Documents/oracle/java/jdk1.8.0_181 -Xms8m ","/home/diego/Documents/oracle/java/jdk1.8.0_181/lib/tools.jar:/home/diego/Documents/oracle/java/jdk1.8.0_181/classes"," "
"VM start","Mon Sep 24 14:35:20 EDT 2018","diego-hp-spectre/192.168.1.30","com.sun.tools.script.shell.Main","/home/diego/Documents/oracle/java/jdk1.8.0_181/jre","1.8.0_181","25.181-b13","Oracle Corporation","Oracle Corporation","Linux","amd64","4.15.0-34-generic","-Dapplication.home=/home/diego/Documents/oracle/java/jdk1.8.0_181 -Xms8m ","/home/diego/Documents/oracle/java/jdk1.8.0_181/lib/tools.jar:/home/diego/Documents/oracle/java/jdk1.8.0_181/classes"," "
"VM start","Mon Sep 24 14:36:08 EDT 2018","diego-hp-spectre/192.168.1.30","com.sun.tools.script.shell.Main","/home/diego/Documents/oracle/java/jdk1.8.0_181/jre","1.8.0_181","25.181-b13","Oracle Corporation","Oracle Corporation","Linux","amd64","4.15.0-34-generic","-Dapplication.home=/home/diego/Documents/oracle/java/jdk1.8.0_181 -Xms8m ","/home/diego/Documents/oracle/java/jdk1.8.0_181/lib/tools.jar:/home/diego/Documents/oracle/java/jdk1.8.0_181/classes"," "
"VM start","Mon Sep 24 14:38:00 EDT 2018","diego-hp-spectre/192.168.1.30","com.sun.tools.script.shell.Main","/home/diego/Documents/oracle/java/jdk1.8.0_181/jre","1.8.0_181","25.181-b13","Oracle Corporation","Oracle Corporation","Linux","amd64","4.15.0-34-generic","-Dapplication.home=/home/diego/Documents/oracle/java/jdk1.8.0_181 -Xms8m ","/home/diego/Documents/oracle/java/jdk1.8.0_181/lib/tools.jar:/home/diego/Documents/oracle/java/jdk1.8.0_181/classes"," "
"VM start","Mon Sep 24 14:38:36 EDT 2018","diego-hp-spectre/192.168.1.30","com.sun.tools.script.shell.Main","/home/diego/Documents/oracle/java/jdk1.8.0_181/jre","1.8.0_181","25.181-b13","Oracle Corporation","Oracle Corporation","Linux","amd64","4.15.0-34-generic","-Dapplication.home=/home/diego/Documents/oracle/java/jdk1.8.0_181 -Xms8m ","/home/diego/Documents/oracle/java/jdk1.8.0_181/lib/tools.jar:/home/diego/Documents/oracle/java/jdk1.8.0_181/classes"," "
"VM start","Mon Sep 24 14:39:36 EDT 2018","diego-hp-spectre/192.168.1.30","com.sun.tools.script.shell.Main","/home/diego/Documents/oracle/java/jdk1.8.0_181/jre","1.8.0_181","25.181-b13","Oracle Corporation","Oracle Corporation","Linux","amd64","4.15.0-34-generic","-Dapplication.home=/home/diego/Documents/oracle/java/jdk1.8.0_181 -Xms8m ","/home/diego/Documents/oracle/java/jdk1.8.0_181/lib/tools.jar:/home/diego/Documents/oracle/java/jdk1.8.0_181/classes"," "
"VM start","Mon Sep 24 14:56:54 EDT 2018","diego-hp-spectre/192.168.1.30","com.sun.tools.script.shell.Main","/home/diego/Documents/oracle/java/jdk1.8.0_181/jre","1.8.0_181","25.181-b13","Oracle Corporation","Oracle Corporation","Linux","amd64","4.15.0-34-generic","-Dapplication.home=/home/diego/Documents/oracle/java/jdk1.8.0_181 -Xms8m ","/home/diego/Documents/oracle/java/jdk1.8.0_181/lib/tools.jar:/home/diego/Documents/oracle/java/jdk1.8.0_181/classes"," "
"VM start","Mon Sep 24 14:57:29 EDT 2018","diego-hp-spectre/192.168.1.30","com.sun.tools.script.shell.Main","/home/diego/Documents/oracle/java/jdk1.8.0_181/jre","1.8.0_181","25.181-b13","Oracle Corporation","Oracle Corporation","Linux","amd64","4.15.0-34-generic","-Dapplication.home=/home/diego/Documents/oracle/java/jdk1.8.0_181 -Xms8m ","/home/diego/Documents/oracle/java/jdk1.8.0_181/lib/tools.jar:/home/diego/Documents/oracle/java/jdk1.8.0_181/classes"," "
"VM start","Mon Sep 24 14:58:21 EDT 2018","diego-hp-spectre/192.168.1.30","com.sun.tools.script.shell.Main","/home/diego/Documents/oracle/java/jdk1.8.0_181/jre","1.8.0_181","25.181-b13","Oracle Corporation","Oracle Corporation","Linux","amd64","4.15.0-34-generic","-Dapplication.home=/home/diego/Documents/oracle/java/jdk1.8.0_181 -Xms8m ","/home/diego/Documents/oracle/java/jdk1.8.0_181/lib/tools.jar:/home/diego/Documents/oracle/java/jdk1.8.0_181/classes"," "
"VM start","Mon Sep 24 14:59:53 EDT 2018","diego-hp-spectre/192.168.1.30","com.sun.tools.script.shell.Main","/home/diego/Documents/oracle/java/jdk1.8.0_181/jre","1.8.0_181","25.181-b13","Oracle Corporation","Oracle Corporation","Linux","amd64","4.15.0-34-generic","-Dapplication.home=/home/diego/Documents/oracle/java/jdk1.8.0_181 -Xms8m ","/home/diego/Documents/oracle/java/jdk1.8.0_181/lib/tools.jar:/home/diego/Documents/oracle/java/jdk1.8.0_181/classes"," "
"VM start","Mon Sep 24 15:00:53 EDT 2018","diego-hp-spectre/192.168.1.30","com.sun.tools.script.shell.Main","/home/diego/Documents/oracle/java/jdk1.8.0_181/jre","1.8.0_181","25.181-b13","Oracle Corporation","Oracle Corporation","Linux","amd64","4.15.0-34-generic","-Dapplication.home=/home/diego/Documents/oracle/java/jdk1.8.0_181 -Xms8m ","/home/diego/Documents/oracle/java/jdk1.8.0_181/lib/tools.jar:/home/diego/Documents/oracle/java/jdk1.8.0_181/classes"," "
"VM start","Mon Sep 24 15:03:07 EDT 2018","diego-hp-spectre/192.168.1.30","com.sun.tools.script.shell.Main","/home/diego/Documents/oracle/java/jdk1.8.0_181/jre","1.8.0_181","25.181-b13","Oracle Corporation","Oracle Corporation","Linux","amd64","4.15.0-34-generic","-Dapplication.home=/home/diego/Documents/oracle/java/jdk1.8.0_181 -Xms8m ","/home/diego/Documents/oracle/java/jdk1.8.0_181/lib/tools.jar:/home/diego/Documents/oracle/java/jdk1.8.0_181/classes"," "
"VM start","Mon Sep 24 15:06:03 EDT 2018","diego-hp-spectre/192.168.1.30","com.sun.tools.script.shell.Main","/home/diego/Documents/oracle/java/jdk1.8.0_181/jre","1.8.0_181","25.181-b13","Oracle Corporation","Oracle Corporation","Linux","amd64","4.15.0-34-generic","-Dapplication.home=/home/diego/Documents/oracle/java/jdk1.8.0_181 -Xms8m ","/home/diego/Documents/oracle/java/jdk1.8.0_181/lib/tools.jar:/home/diego/Documents/oracle/java/jdk1.8.0_181/classes"," "
"VM start","Mon Sep 24 15:07:39 EDT 2018","diego-hp-spectre/192.168.1.30","com.sun.tools.script.shell.Main","/home/diego/Documents/oracle/java/jdk1.8.0_181/jre","1.8.0_181","25.181-b13","Oracle Corporation","Oracle Corporation","Linux","amd64","4.15.0-34-generic","-Dapplication.home=/home/diego/Documents/oracle/java/jdk1.8.0_181 -Xms8m ","/home/diego/Documents/oracle/java/jdk1.8.0_181/lib/tools.jar:/home/diego/Documents/oracle/java/jdk1.8.0_181/classes"," "
"VM start","Mon Sep 24 15:16:42 EDT 2018","diego-hp-spectre/192.168.1.30","com.sun.tools.script.shell.Main","/home/diego/Documents/oracle/java/jdk1.8.0_181/jre","1.8.0_181","25.181-b13","Oracle Corporation","Oracle Corporation","Linux","amd64","4.15.0-34-generic","-Dapplication.home=/home/diego/Documents/oracle/java/jdk1.8.0_181 -Xms8m ","/home/diego/Documents/oracle/java/jdk1.8.0_181/lib/tools.jar:/home/diego/Documents/oracle/java/jdk1.8.0_181/classes"," "
"VM start","Mon Sep 24 15:18:53 EDT 2018","diego-hp-spectre/192.168.1.30","com.sun.tools.script.shell.Main","/home/diego/Documents/oracle/java/jdk1.8.0_181/jre","1.8.0_181","25.181-b13","Oracle Corporation","Oracle Corporation","Linux","amd64","4.15.0-34-generic","-Dapplication.home=/home/diego/Documents/oracle/java/jdk1.8.0_181 -Xms8m ","/home/diego/Documents/oracle/java/jdk1.8.0_181/lib/tools.jar:/home/diego/Documents/oracle/java/jdk1.8.0_181/classes"," "
"VM start","Mon Sep 24 15:31:53 EDT 2018","diego-hp-spectre/192.168.1.30","com.sun.tools.script.shell.Main","/home/diego/Documents/oracle/java/jdk1.8.0_181/jre","1.8.0_181","25.181-b13","Oracle Corporation","Oracle Corporation","Linux","amd64","4.15.0-34-generic","-Dapplication.home=/home/diego/Documents/oracle/java/jdk1.8.0_181 -Xms8m ","/home/diego/Documents/oracle/java/jdk1.8.0_181/lib/tools.jar:/home/diego/Documents/oracle/java/jdk1.8.0_181/classes"," "
"VM start","Mon Sep 24 15:32:30 EDT 2018","diego-hp-spectre/192.168.1.30","sun.security.tools.keytool.Main","/home/diego/Documents/oracle/java/jdk1.8.0_181/jre","1.8.0_181","25.181-b13","Oracle Corporation","Oracle Corporation","Linux","amd64","4.15.0-34-generic","-Dapplication.home=/home/diego/Documents/oracle/java/jdk1.8.0_181 -Xms8m ","/home/diego/Documents/oracle/java/jdk1.8.0_181/lib/tools.jar:/home/diego/Documents/oracle/java/jdk1.8.0_181/classes"," "
